${overlap_vol_frac = 0.0}
${h_fine = 0.01}
${h_coarse = 0.01}
${side_y = h_coarse}
${height = h_coarse}
${side_x = 0.2}

${area = side_y * height}
${volume = area * side_x}
${overlap_volume = overlap_vol_frac * volume}
${overlap_length = overlap_volume / area}
${domain_length = (side_x + overlap_length) / 2.0}
${offset = abs(domain_length - overlap_length) / 2.0}

create brick x {domain_length} y {side_y} z {height}
move volume 1 x {-offset} include_merged
volume 1 size {h_fine}
mesh volume 1
block 1 volume 1
block 1 name "fine"
nodeset 1 surface 4
nodeset 1 name "nsx-"
nodeset 2 surface 6
nodeset 2 name "nsx+"
nodeset 3 surface 3
nodeset 3 name "nsy-"
nodeset 4 surface 5
nodeset 4 name "nsy+"
nodeset 5 surface 2
nodeset 5 name "nsz-"
nodeset 6 surface 1
nodeset 6 name "nsz+"
nodeset 7 volume all
nodeset 7 name "nsall"
sideset 1 surface 4
sideset 1 name "ssx-"
sideset 2 surface 6
sideset 2 name "ssx+"
sideset 3 surface 3
sideset 3 name "ssy-"
sideset 4 surface 5
sideset 4 name "ssy+"
sideset 5 surface 2
sideset 5 name "ssz-"
sideset 6 surface 1
sideset 6 name "ssz+"
set large exodus file off
export mesh "beam-1.g" overwrite
delete mesh
move volume 1 x {2 * offset} include_merged
#volume 1 scheme tetmesh
volume 1 size {h_coarse}
mesh volume 1
block 1 volume 1
block 1 name "coarse"
nodeset 1 surface 4
nodeset 1 name "nsx-"
nodeset 2 surface 6
nodeset 2 name "nsx+"
nodeset 3 surface 3
nodeset 3 name "nsy-"
nodeset 4 surface 5
nodeset 4 name "nsy+"
nodeset 5 surface 2
nodeset 5 name "nsz-"
nodeset 6 surface 1
nodeset 6 name "nsz+"
nodeset 7 volume all
nodeset 7 name "nsall"
sideset 1 surface 4
sideset 1 name "ssx-"
sideset 2 surface 6
sideset 2 name "ssx+"
sideset 3 surface 3
sideset 3 name "ssy-"
sideset 4 surface 5
sideset 4 name "ssy+"
sideset 5 surface 2
sideset 5 name "ssz-"
sideset 6 surface 1
sideset 6 name "ssz+"
set large exodus file off
#htet volume 1
#block 1 element type tetra4
export mesh "beam-2.g" overwrite


